This is pdfTeX, Version 3.141592653-2.6-1.40.28 (MiKTeX 25.12) (preloaded format=pdflatex.fmt)
 restricted \write18 enabled.
entering extended mode
(Divisor_Waves_and_their_Connection_to_the_Riemann_Hypothesis.tex
LaTeX2e <2025-11-01>
L3 programming layer <2025-12-24>
(C:\Users\Gr33nb3rry\AppData\Local\Programs\MiKTeX\tex/latex/base\article.cls
Document Class: article 2025/01/22 v1.4n Standard LaTeX document class
(C:\Users\Gr33nb3rry\AppData\Local\Programs\MiKTeX\tex/latex/base\size10.clo))
(C:\Users\Gr33nb3rry\AppData\Local\Programs\MiKTeX\tex/latex/geometry\geometry.
sty
(C:\Users\Gr33nb3rry\AppData\Local\Programs\MiKTeX\tex/latex/graphics\keyval.st
y)
(C:\Users\Gr33nb3rry\AppData\Local\Programs\MiKTeX\tex/generic/iftex\ifvtex.sty
(C:\Users\Gr33nb3rry\AppData\Local\Programs\MiKTeX\tex/generic/iftex\iftex.sty)
)
(C:\Users\Gr33nb3rry\AppData\Local\Programs\MiKTeX\tex/latex/geometry\geometry.
cfg))
(C:\Users\Gr33nb3rry\AppData\Local\Programs\MiKTeX\tex/latex/amsmath\amsmath.st
y
For additional information on amsmath, use the `?' option.

(C:\Users\Gr33nb3rry\AppData\Local\Programs\MiKTeX\tex/latex/amsmath\amstext.st
y
(C:\Users\Gr33nb3rry\AppData\Local\Programs\MiKTeX\tex/latex/amsmath\amsgen.sty
))
(C:\Users\Gr33nb3rry\AppData\Local\Programs\MiKTeX\tex/latex/amsmath\amsbsy.sty
)
(C:\Users\Gr33nb3rry\AppData\Local\Programs\MiKTeX\tex/latex/amsmath\amsopn.sty
))
(C:\Users\Gr33nb3rry\AppData\Local\Programs\MiKTeX\tex/latex/amscls\amsthm.sty)

(C:\Users\Gr33nb3rry\AppData\Local\Programs\MiKTeX\tex/latex/amsfonts\amssymb.s
ty
(C:\Users\Gr33nb3rry\AppData\Local\Programs\MiKTeX\tex/latex/amsfonts\amsfonts.
sty))
(C:\Users\Gr33nb3rry\AppData\Local\Programs\MiKTeX\tex/latex/booktabs\booktabs.
sty)
(C:\Users\Gr33nb3rry\AppData\Local\Programs\MiKTeX\tex/latex/biblatex\biblatex.
sty
(C:\Users\Gr33nb3rry\AppData\Local\Programs\MiKTeX\tex/generic/pdftexcmds\pdfte
xcmds.sty
(C:\Users\Gr33nb3rry\AppData\Local\Programs\MiKTeX\tex/generic/infwarerr\infwar
err.sty)
(C:\Users\Gr33nb3rry\AppData\Local\Programs\MiKTeX\tex/generic/ltxcmds\ltxcmds.
sty))
(C:\Users\Gr33nb3rry\AppData\Local\Programs\MiKTeX\tex/latex/etoolbox\etoolbox.
sty)
(C:\Users\Gr33nb3rry\AppData\Local\Programs\MiKTeX\tex/latex/kvoptions\kvoption
s.sty
(C:\Users\Gr33nb3rry\AppData\Local\Programs\MiKTeX\tex/latex/kvsetkeys\kvsetkey
s.sty))
(C:\Users\Gr33nb3rry\AppData\Local\Programs\MiKTeX\tex/latex/logreq\logreq.sty
(C:\Users\Gr33nb3rry\AppData\Local\Programs\MiKTeX\tex/latex/logreq\logreq.def)
) (C:\Users\Gr33nb3rry\AppData\Local\Programs\MiKTeX\tex/latex/base\ifthen.sty)
 (C:\Users\Gr33nb3rry\AppData\Local\Programs\MiKTeX\tex/latex/url\url.sty)
(C:\Users\Gr33nb3rry\AppData\Local\Programs\MiKTeX\tex/latex/biblatex\blx-dm.de
f)
(C:\Users\Gr33nb3rry\AppData\Local\Programs\MiKTeX\tex/latex/biblatex\blx-compa
t.def)
(C:\Users\Gr33nb3rry\AppData\Local\Programs\MiKTeX\tex/latex/biblatex\biblatex.
def)
(C:\Users\Gr33nb3rry\AppData\Local\Programs\MiKTeX\tex/latex/biblatex/bbx\numer
ic.bbx
(C:\Users\Gr33nb3rry\AppData\Local\Programs\MiKTeX\tex/latex/biblatex/bbx\stand
ard.bbx))
(C:\Users\Gr33nb3rry\AppData\Local\Programs\MiKTeX\tex/latex/biblatex/cbx\numer
ic.cbx)
(C:\Users\Gr33nb3rry\AppData\Local\Programs\MiKTeX\tex/latex/biblatex\biblatex.
cfg)
(C:\Users\Gr33nb3rry\AppData\Local\Programs\MiKTeX\tex/latex/l3kernel\expl3.sty

(C:\Users\Gr33nb3rry\AppData\Local\Programs\MiKTeX\tex/latex/l3backend\l3backen
d-pdftex.def))
(C:\Users\Gr33nb3rry\AppData\Local\Programs\MiKTeX\tex/latex/biblatex\blx-case-
expl3.sty
(C:\Users\Gr33nb3rry\AppData\Local\Programs\MiKTeX\tex/latex/l3packages/xparse\
xparse.sty)))
(C:\Users\Gr33nb3rry\AppData\Local\Programs\MiKTeX\tex/latex/hyperref\hyperref.
sty
(C:\Users\Gr33nb3rry\AppData\Local\Programs\MiKTeX\tex/generic/kvdefinekeys\kvd
efinekeys.sty)
(C:\Users\Gr33nb3rry\AppData\Local\Programs\MiKTeX\tex/generic/pdfescape\pdfesc
ape.sty)
(C:\Users\Gr33nb3rry\AppData\Local\Programs\MiKTeX\tex/latex/hycolor\hycolor.st
y)
(C:\Users\Gr33nb3rry\AppData\Local\Programs\MiKTeX\tex/latex/hyperref\nameref.s
ty
(C:\Users\Gr33nb3rry\AppData\Local\Programs\MiKTeX\tex/latex/refcount\refcount.
sty)
(C:\Users\Gr33nb3rry\AppData\Local\Programs\MiKTeX\tex/generic/gettitlestring\g
ettitlestring.sty))
(C:\Users\Gr33nb3rry\AppData\Local\Programs\MiKTeX\tex/generic/stringenc\string
enc.sty)
(C:\Users\Gr33nb3rry\AppData\Local\Programs\MiKTeX\tex/latex/hyperref\pd1enc.de
f)
(C:\Users\Gr33nb3rry\AppData\Local\Programs\MiKTeX\tex/generic/intcalc\intcalc.
sty)
(C:\Users\Gr33nb3rry\AppData\Local\Programs\MiKTeX\tex/latex/hyperref\puenc.def
)
(C:\Users\Gr33nb3rry\AppData\Local\Programs\MiKTeX\tex/generic/bitset\bitset.st
y
(C:\Users\Gr33nb3rry\AppData\Local\Programs\MiKTeX\tex/generic/bigintcalc\bigin
tcalc.sty)))
(C:\Users\Gr33nb3rry\AppData\Local\Programs\MiKTeX\tex/latex/hyperref\hpdftex.d
ef
(C:\Users\Gr33nb3rry\AppData\Local\Programs\MiKTeX\tex/latex/rerunfilecheck\rer
unfilecheck.sty
(C:\Users\Gr33nb3rry\AppData\Local\Programs\MiKTeX\tex/generic/uniquecounter\un
iquecounter.sty)))
(C:\Users\Gr33nb3rry\AppData\Local\Programs\MiKTeX\tex/latex/graphics\graphicx.
sty
(C:\Users\Gr33nb3rry\AppData\Local\Programs\MiKTeX\tex/latex/graphics\graphics.
sty
(C:\Users\Gr33nb3rry\AppData\Local\Programs\MiKTeX\tex/latex/graphics\trig.sty)

(C:\Users\Gr33nb3rry\AppData\Local\Programs\MiKTeX\tex/latex/graphics-cfg\graph
ics.cfg)
(C:\Users\Gr33nb3rry\AppData\Local\Programs\MiKTeX\tex/latex/graphics-def\pdfte
x.def)))